Error Type 8 at Line 8: functionâ€™s return value type mismatches the declared type