Error type 3 at Line 5: variable "b" is redefined.