Error type 2 at Line 8: function "compare" is not defined.