Error Type 4 at Line 5: function "f" is redefined.