Program (1)
  ExtDefList (1)
    ExtDef (1)
      Specifier (1)
        TYPE: int
      ExtDecList (1)
        VarDec (1)
          ID: a
      SEMI
    ExtDefList (3)
      ExtDef (3)
        Specifier (3)
          TYPE: int
        FunDec (3)
          ID: test
          LP
          RP
        CompSt (3)
          LC
          DefList (4)
            Def (4)
              Specifier (4)
                TYPE: int
              DecList (4)
                Dec (4)
                  VarDec (4)
                    ID: b
                  ASSIGN
                  Exp (4)
                    INT: 255
              SEMI
          StmtList (5)
            Stmt (5)
              Exp (5)
                Exp (5)
                  ID: c
                ASSIGN
                Exp (5)
                  INT: 5
              SEMI
          RC
