Error type A at Line 2: unknown lexeme 123abc
Error type B at Line 2: Missing semicolon ';'
